[kurtwinterdesign.com/index.html]
[backblue.gif]
[fade.gif]
[index.html]
[kurtwinterdesign.com/wp-content/themes/semplice4/style3a05.css]
[s.w.org/index.html]
[kurtwinterdesign.com/wp-content/themes/semplice4/assets/css/frontend.min3a05.css]
[kurtwinterdesign.com/wp-includes/js/mediaelement/mediaelementplayer-legacy.min45a0.css]
[kurtwinterdesign.com/wp-includes/js/jquery/jqueryb8ff.js]
[kurtwinterdesign.com/wp-includes/js/jquery/jquery-migrate.min330a.js]
[kurtwinterdesign.com/wp-content/plugins/wp-google-analytics-events/js/ga-scroll-events9776.js]
[kurtwinterdesign.com/wp-includes/js/mediaelement/mediaelement-and-player.min45a0.js]
[kurtwinterdesign.com/wp-includes/js/mediaelement/mediaelement-migrate.min4b0b.js]
[kurtwinterdesign.com/xmlrpc0db0.php]
[kurtwinterdesign.com/wp-includes/wlwmanifest.xml]
[kurtwinterdesign.com/wp-json/index.html]
[kurtwinterdesign.com/wp-json/oembed/1.0/embed7e48.json]
[kurtwinterdesign.com/wp-json/oembed/1.0/embed5874]
[kurtwinterdesign.com/wp-content/uploads/2018/06/Copernicus-Book.eot]
[kurtwinterdesign.com/wp-content/uploads/2018/06/Copernicus-Bookd41d.eot]
[kurtwinterdesign.com/wp-content/uploads/2018/06/Copernicus-Book.woff2]
[kurtwinterdesign.com/wp-content/uploads/2018/06/Copernicus-Book.woff]
[kurtwinterdesign.com/wp-content/uploads/2018/06/copernicus-book-2.eot]
[kurtwinterdesign.com/wp-content/uploads/2018/06/copernicus-book-2.woff2]
[kurtwinterdesign.com/wp-content/uploads/2018/06/copernicus-book-2.woff]
[kurtwinterdesign.com/wp-content/uploads/2018/06/galanogrotesque-regular-webfont.woff2]
[kurtwinterdesign.com/wp-content/uploads/2018/06/galanogrotesque-regular-webfont.woff]
[kurtwinterdesign.com/wp-content/uploads/2018/06/copernicus-bookd41d-2.eot]
[www.google-analytics.com/analytics.js]
[kurtwinterdesign.com/wp-content/uploads/2018/07/K-Logo.png]
[kurtwinterdesign.com/project/debenhams-app.html]
[kurtwinterdesign.com/project/snooze.html]
[kurtwinterdesign.com/project/the-academy-brand.html]
[kurtwinterdesign.com/about.html]
[kurtwinterdesign.com/wp-content/uploads/2018/06/Home-bg-AE.mp4]
[kurtwinterdesign.com/wp-content/uploads/2018/06/Spacer.png]
[kurtwinterdesign.com/wp-content/uploads/2018/06/Debenhams-Hero@2x.jpg]
[kurtwinterdesign.com/wp-content/uploads/2018/07/Snooze-Thumb-6col@2x.jpg]
[kurtwinterdesign.com/wp-content/uploads/2018/07/Academy-Thumb-6col@2x.jpg]
[kurtwinterdesign.com/wp-includes/js/wp-embed.min4b0b.js]
[kurtwinterdesign.com/index.html]
[s.w.org/index.html]
[kurtwinterdesign.com/wp-content/themes/semplice4/assets/js/frontend.min3a05.js]
[fonts.googleapis.com/csse758.css]
[kurtwinterdesign.com/wp-json/oembed/1.0/embed519e.json]
[kurtwinterdesign.com/wp-json/oembed/1.0/embedec1e]
[kurtwinterdesign.com/wp-content/uploads/2018/05/iphonex-clay-mockup.mp4]
[kurtwinterdesign.com/wp-content/uploads/2018/05/Deb-Devices@2x.jpg]
[kurtwinterdesign.com/wp-content/uploads/2018/06/Deb-Styleguide@2x.jpg]
[kurtwinterdesign.com/wp-content/uploads/2018/06/Deb-User-interviews@2x.jpg]
[kurtwinterdesign.com/wp-content/uploads/2018/06/Deb-reasearch-collage@2x.jpg]
[kurtwinterdesign.com/wp-content/uploads/2018/05/Deb-Feature-SignUp.jpg]
[kurtwinterdesign.com/wp-content/uploads/2018/05/Video-Feature-Profile.mp4]
[kurtwinterdesign.com/wp-content/uploads/2018/05/Video-Feature-Product.mp4]
[kurtwinterdesign.com/wp-content/uploads/2018/05/Video-Feature-beauty-booking_1.mp4]
[kurtwinterdesign.com/wp-content/uploads/2018/07/Deb-Life-cycle-emails-1@2x.jpg]
[kurtwinterdesign.com/project/debenhams-app.html]
[kurtwinterdesign.com/wp-json/oembed/1.0/embed0d28.json]
[kurtwinterdesign.com/wp-json/oembed/1.0/embed0bc5]
[kurtwinterdesign.com/wp-content/uploads/2018/06/Bed-Builder-Cover@2x.jpg]
[kurtwinterdesign.com/wp-content/uploads/2018/06/Bedbuilder-Intro.mp4]
[kurtwinterdesign.com/wp-content/uploads/2018/06/Snooze-Screens@2x.jpg]
[kurtwinterdesign.com/wp-content/uploads/2018/06/Academy-Research@2x.gif]
[kurtwinterdesign.com/wp-content/uploads/2018/06/Snooze-lo-fis@2x.jpg]
[kurtwinterdesign.com/wp-content/uploads/2018/06/Snooze-evolution@2x.jpg]
[kurtwinterdesign.com/wp-content/uploads/2018/06/Snooze-devices@2x.jpg]
[kurtwinterdesign.com/wp-content/uploads/2018/06/Snooze-Styleguide@2x.jpg]
[kurtwinterdesign.com/project/snooze.html]
[kurtwinterdesign.com/wp-json/oembed/1.0/embed6e30.json]
[kurtwinterdesign.com/wp-json/oembed/1.0/embed9295]
[kurtwinterdesign.com/wp-content/uploads/2018/06/Academy-Hero@2x.jpg]
[kurtwinterdesign.com/wp-content/uploads/2018/06/Academy-Home@2x-e1530543506423.jpg]
[kurtwinterdesign.com/wp-content/uploads/2018/06/Academy-Product-pages@2x.jpg]
[kurtwinterdesign.com/wp-content/uploads/2018/06/Academy-Style-boards@2x.jpg]
[kurtwinterdesign.com/wp-content/uploads/2018/06/Academy-typography@2x.jpg]
[kurtwinterdesign.com/wp-content/uploads/2018/06/Academy-Lookbook-2@2x.jpg]
[kurtwinterdesign.com/wp-content/uploads/2018/06/Academy-Lookbook-1@2x.jpg]
[kurtwinterdesign.com/wp-content/uploads/2018/06/Academy-Look@2x.jpg]
[kurtwinterdesign.com/wp-content/uploads/2018/06/Academy-Styleguide@2x.jpg]
[kurtwinterdesign.com/project/the-academy-brand.html]
[kurtwinterdesign.com/wp-json/oembed/1.0/embed6d3e.json]
[kurtwinterdesign.com/wp-json/oembed/1.0/embed3fac]
[kurtwinterdesign.com/wp-content/uploads/2018/10/Profile-White-@2x.jpg]
[kurtwinterdesign.com/wp-content/uploads/2021/04/KW-Resume-2021.pdf]
[kurtwinterdesign.com/about.html]
[kurtwinterdesign.com/index2df4.html]
[kurtwinterdesign.com/index36d4.html]
[kurtwinterdesign.com/index153d.html]
[kurtwinterdesign.com/indexd1a7.html]
[kurtwinterdesign.com/wp-content/themes/semplice4/style3a05.css]
[kurtwinterdesign.com/wp-content/themes/semplice4/assets/images/admin/select_box_arrow.png]
[kurtwinterdesign.com/wp-content/themes/semplice4/assets/images/frontend/mediaelement/bigplay.png]
[kurtwinterdesign.com/wp-content/themes/semplice4/assets/images/frontend/photoswipe/default-skin.png]
[kurtwinterdesign.com/wp-content/themes/semplice4/assets/css/frontend.min3a05.css]
[kurtwinterdesign.com/wp-json/index.html]
[kurtwinterdesign.com/wp-includes/js/mediaelement/mediaelementplayer-legacy.min45a0.css]
[kurtwinterdesign.com/wp-content/uploads/2018/06/K-Logo.svg]
[kurtwinterdesign.com/wp-content/uploads/2018/07/K-badge.svg]
[kurtwinterdesign.com/index2df4.html]
[kurtwinterdesign.com/wp-content/uploads/2018/07/Icon-1-1.svg]
[kurtwinterdesign.com/wp-content/uploads/2018/07/Icon-2-1.svg]
[kurtwinterdesign.com/wp-content/uploads/2018/07/Icon-3-1.svg]
[kurtwinterdesign.com/wp-content/uploads/2018/07/Icon-4-1.svg]
[kurtwinterdesign.com/wp-content/uploads/2018/07/Icon-5b-1.svg]
[kurtwinterdesign.com/wp-content/uploads/2018/07/Icon-CustomerInterviews.svg]
[kurtwinterdesign.com/wp-content/uploads/2018/07/Icon-Market-research.svg]
[kurtwinterdesign.com/wp-content/uploads/2018/07/Icon-Prototype.svg]
[kurtwinterdesign.com/wp-content/uploads/2018/07/Icon-Journey.svg]
[kurtwinterdesign.com/wp-json/oembed/1.0/embed0d28.json]
[kurtwinterdesign.com/wp-content/uploads/2018/07/Icon-Persona.svg]
[kurtwinterdesign.com/wp-content/uploads/2018/07/Icon-IA.svg]
[kurtwinterdesign.com/wp-content/uploads/2018/06/Next-Project.svg]
[kurtwinterdesign.com/wp-content/uploads/2018/07/Icon-Manufacturer-visit.svg]
[kurtwinterdesign.com/index153d.html]
[kurtwinterdesign.com/wp-json/oembed/1.0/embed6e30.json]
[kurtwinterdesign.com/indexd1a7.html]
[kurtwinterdesign.com/wp-content/themes/semplice4/assets/images/frontend/icons/password_submit.svg]
[kurtwinterdesign.com/wp-content/themes/semplice4/assets/images/frontend/mediaelement/controls_old.svg]
[kurtwinterdesign.com/wp-content/themes/semplice4/assets/images/frontend/mediaelement/controls_recent.svg]
[kurtwinterdesign.com/wp-content/themes/semplice4/assets/images/frontend/photoswipe/default-skin.svg]
[kurtwinterdesign.com/wp-content/themes/semplice4/assets/images/frontend/photoswipe/preloader.html]
[kurtwinterdesign.com/wp-includes/js/mediaelement/mejs-controls.svg]
